// Jest Snapshot v1, https://goo.gl/fbAQLP

exports[`VariableContent VariableContent should render 1`] = `
.emotion-8 {
  padding-left: calc(2.2222222222222223vw + 21.333333333333332px);
  padding-right: calc(2.2222222222222223vw + 21.333333333333332px);
  padding-top: calc(7.777777777777778vw + -5.333333333333333px);
  padding-bottom: calc(7.777777777777778vw + -5.333333333333333px);
  position: relative;
}

@media (max-width:480px) {
  .emotion-8 {
    padding-left: 32px;
  }
}

@media (min-width:1200px) {
  .emotion-8 {
    padding-left: 48px;
  }
}

@media (max-width:480px) {
  .emotion-8 {
    padding-right: 32px;
  }
}

@media (min-width:1200px) {
  .emotion-8 {
    padding-right: 48px;
  }
}

@media (min-width:1288px) {
  .emotion-8 {
    padding-right: calc((100% - 1200px) / 2);
    padding-left: calc((100% - 1200px) / 2);
  }
}

@media (max-width:480px) {
  .emotion-8 {
    padding-top: 32px;
  }
}

@media (min-width:1200px) {
  .emotion-8 {
    padding-top: 88px;
  }
}

@media (max-width:480px) {
  .emotion-8 {
    padding-bottom: 32px;
  }
}

@media (min-width:1200px) {
  .emotion-8 {
    padding-bottom: 88px;
  }
}

.emotion-6 {
  text-align: left;
}

.emotion-6 > .svg-image {
  margin-left: auto;
  margin-right: auto;
}

@media (min-width:940px) {
  .emotion-6 {
    width: 80%;
    margin-left: auto;
    margin-right: auto;
  }
}

.emotion-0 {
  font-weight: 800;
  font-size: calc(2.7777777777777777vw + 14.666666666666666px);
  line-height: calc(3.3333333333333335vw + 16px);
}

@media (max-width:480px) {
  .emotion-0 {
    font-size: 28px;
  }
}

@media (min-width:1200px) {
  .emotion-0 {
    font-size: 48px;
  }
}

@media (max-width:480px) {
  .emotion-0 {
    line-height: 32px;
  }
}

@media (min-width:1200px) {
  .emotion-0 {
    line-height: 56px;
  }
}

@media all and (-ms-high-contrast:none),(-ms-high-contrast:active) {
  .emotion-0 {
    width: 100%;
  }
}

.emotion-2 {
  font-weight: 500;
  font-size: calc(0.5555555555555556vw + 17.333333333333332px);
  line-height: calc(1.1111111111111112vw + 18.666666666666668px);
}

@media (max-width:480px) {
  .emotion-2 {
    font-size: 20px;
  }
}

@media (min-width:1200px) {
  .emotion-2 {
    font-size: 24px;
  }
}

@media (max-width:480px) {
  .emotion-2 {
    line-height: 24px;
  }
}

@media (min-width:1200px) {
  .emotion-2 {
    line-height: 32px;
  }
}

@media all and (-ms-high-contrast:none),(-ms-high-contrast:active) {
  .emotion-2 {
    width: 100%;
  }
}

.emotion-4 {
  display: -webkit-box;
  display: -webkit-flex;
  display: -ms-flexbox;
  display: flex;
  -webkit-flex-direction: column;
  -ms-flex-direction: column;
  flex-direction: column;
  -webkit-align-items: flex-start;
  -webkit-box-align: flex-start;
  -ms-flex-align: flex-start;
  align-items: flex-start;
}

<section
  class="emotion-8 emotion-9"
>
  <header
    class="emotion-6 emotion-7"
  >
    <h2
      class="emotion-0 emotion-1"
    >
      Heading
    </h2>
    <h3
      class="emotion-2 emotion-3"
    >
      Subheading
    </h3>
    <div
      class="emotion-4 emotion-5"
    >
      <p>
        Main Content
      </p>
    </div>
  </header>
</section>
`;
